// Validating benchmarks:
// ***** BenchmarkRunner: Start   *****
// ***** Found 1 benchmark(s) in total *****
// ***** Building 1 exe(s) in Parallel: Start   *****
// start dotnet  restore --nodeReuse:false /p:UseSharedCompilation=false /p:Deterministic=true /p:Optimize=true /p:ArtifactsPath="/Users/wouter/.superset/worktrees/288a93b0-804e-460f-999d-8c3f427fff33/memory-opt/src/Arius.Benchmarks/bin/Release/net10.0/Arius.Benchmarks-Job-HILDPN-1/" /p:OutDir="/Users/wouter/.superset/worktrees/288a93b0-804e-460f-999d-8c3f427fff33/memory-opt/src/Arius.Benchmarks/bin/Release/net10.0/Arius.Benchmarks-Job-HILDPN-1/bin/Release/net10.0/" /p:OutputPath="/Users/wouter/.superset/worktrees/288a93b0-804e-460f-999d-8c3f427fff33/memory-opt/src/Arius.Benchmarks/bin/Release/net10.0/Arius.Benchmarks-Job-HILDPN-1/bin/Release/net10.0/" /p:PublishDir="/Users/wouter/.superset/worktrees/288a93b0-804e-460f-999d-8c3f427fff33/memory-opt/src/Arius.Benchmarks/bin/Release/net10.0/Arius.Benchmarks-Job-HILDPN-1/publish/" in /Users/wouter/.superset/worktrees/288a93b0-804e-460f-999d-8c3f427fff33/memory-opt/src/Arius.Benchmarks/bin/Release/net10.0/Arius.Benchmarks-Job-HILDPN-1
// command took 1.09 sec and exited with 0
// start dotnet  build -c Release --no-restore --nodeReuse:false /p:UseSharedCompilation=false /p:Deterministic=true /p:Optimize=true /p:ArtifactsPath="/Users/wouter/.superset/worktrees/288a93b0-804e-460f-999d-8c3f427fff33/memory-opt/src/Arius.Benchmarks/bin/Release/net10.0/Arius.Benchmarks-Job-HILDPN-1/" /p:OutDir="/Users/wouter/.superset/worktrees/288a93b0-804e-460f-999d-8c3f427fff33/memory-opt/src/Arius.Benchmarks/bin/Release/net10.0/Arius.Benchmarks-Job-HILDPN-1/bin/Release/net10.0/" /p:OutputPath="/Users/wouter/.superset/worktrees/288a93b0-804e-460f-999d-8c3f427fff33/memory-opt/src/Arius.Benchmarks/bin/Release/net10.0/Arius.Benchmarks-Job-HILDPN-1/bin/Release/net10.0/" /p:PublishDir="/Users/wouter/.superset/worktrees/288a93b0-804e-460f-999d-8c3f427fff33/memory-opt/src/Arius.Benchmarks/bin/Release/net10.0/Arius.Benchmarks-Job-HILDPN-1/publish/" --output "/Users/wouter/.superset/worktrees/288a93b0-804e-460f-999d-8c3f427fff33/memory-opt/src/Arius.Benchmarks/bin/Release/net10.0/Arius.Benchmarks-Job-HILDPN-1/bin/Release/net10.0/" in /Users/wouter/.superset/worktrees/288a93b0-804e-460f-999d-8c3f427fff33/memory-opt/src/Arius.Benchmarks/bin/Release/net10.0/Arius.Benchmarks-Job-HILDPN-1
// command took 11.54 sec and exited with 0
// ***** Done, took 00:00:12 (12.68 sec)   *****
// Found 1 benchmarks:
//   ArchiveStepBenchmarks.Archive_Step_V1_Representative_Azurite: Job-HILDPN(InvocationCount=1, IterationCount=3, LaunchCount=1, UnrollFactor=1, WarmupCount=0)

// **************************
// Benchmark: ArchiveStepBenchmarks.Archive_Step_V1_Representative_Azurite: Job-HILDPN(InvocationCount=1, IterationCount=3, LaunchCount=1, UnrollFactor=1, WarmupCount=0)
// *** Execute ***
// Launch: 1 / 1
// Execute: dotnet Arius.Benchmarks-Job-HILDPN-1.dll --anonymousPipes 126 127 --benchmarkName Arius.Benchmarks.ArchiveStepBenchmarks.Archive_Step_V1_Representative_Azurite --job "InvocationCount=1, IterationCount=3, LaunchCount=1, UnrollFactor=1, WarmupCount=0" --benchmarkId 0 in /Users/wouter/.superset/worktrees/288a93b0-804e-460f-999d-8c3f427fff33/memory-opt/src/Arius.Benchmarks/bin/Release/net10.0/Arius.Benchmarks-Job-HILDPN-1/bin/Release/net10.0
// Failed to set up high priority (Permission denied). In order to run benchmarks with high priority, make sure you have the right permissions.
// BeforeAnythingElse

// Benchmark Process Environment Information:
// BenchmarkDotNet v0.15.8
// Runtime=.NET 10.0.5 (10.0.5, 10.0.526.15411), Arm64 RyuJIT armv8.0-a
// GC=Concurrent Workstation
// HardwareIntrinsics=ArmBase+AdvSimd,AES,CRC32,DP,RDM,SHA1,SHA256 VectorSize=128
// Job: Job-HILDPN(InvocationCount=1, IterationCount=3, LaunchCount=1, UnrollFactor=1, WarmupCount=0)

[testcontainers.org 00:00:00.08] Connected to Docker:
  Host: unix:///var/run/docker.sock
  Server Version: 29.3.1
  Kernel Version: 6.12.76-linuxkit
  API Version: 1.54
  Operating System: Docker Desktop
  Total Memory: 7.65 GB
  Labels: 
    com.docker.desktop.address=unix:///Users/wouter/Library/Containers/com.docker.docker/Data/docker-cli.sock
[testcontainers.org 00:00:00.19] Docker container db7721aecdbe created
[testcontainers.org 00:00:00.21] Start Docker container db7721aecdbe
[testcontainers.org 00:00:00.30] Wait for Docker container db7721aecdbe to complete readiness checks
[testcontainers.org 00:00:01.33] Docker container db7721aecdbe ready
[testcontainers.org 00:00:01.41] Docker container a79377d769d1 created
[testcontainers.org 00:00:01.42] Start Docker container a79377d769d1
[testcontainers.org 00:00:01.51] Wait for Docker container a79377d769d1 to complete readiness checks
[testcontainers.org 00:00:02.58] Docker container a79377d769d1 ready
OverheadJitting  1: 1 op, 61167.00 ns, 61.1670 us/op
WorkloadJitting  1: 1 op, 3657928917.00 ns, 3.6579 s/op

OverheadWarmup   1: 1 op, 417.00 ns, 417.0000 ns/op
OverheadWarmup   2: 1 op, 84.00 ns, 84.0000 ns/op
OverheadWarmup   3: 1 op, 0.00 ns, 0.0000 ns/op
OverheadWarmup   4: 1 op, 0.00 ns, 0.0000 ns/op
OverheadWarmup   5: 1 op, 41.00 ns, 41.0000 ns/op
OverheadWarmup   6: 1 op, 0.00 ns, 0.0000 ns/op
OverheadWarmup   7: 1 op, 0.00 ns, 0.0000 ns/op

OverheadActual   1: 1 op, 167.00 ns, 167.0000 ns/op
OverheadActual   2: 1 op, 0.00 ns, 0.0000 ns/op
OverheadActual   3: 1 op, 209.00 ns, 209.0000 ns/op
OverheadActual   4: 1 op, 42.00 ns, 42.0000 ns/op
OverheadActual   5: 1 op, 250.00 ns, 250.0000 ns/op
OverheadActual   6: 1 op, 250.00 ns, 250.0000 ns/op
OverheadActual   7: 1 op, 42.00 ns, 42.0000 ns/op
OverheadActual   8: 1 op, 41.00 ns, 41.0000 ns/op
OverheadActual   9: 1 op, 0.00 ns, 0.0000 ns/op
OverheadActual  10: 1 op, 0.00 ns, 0.0000 ns/op
OverheadActual  11: 1 op, 42.00 ns, 42.0000 ns/op
OverheadActual  12: 1 op, 42.00 ns, 42.0000 ns/op
OverheadActual  13: 1 op, 83.00 ns, 83.0000 ns/op
OverheadActual  14: 1 op, 0.00 ns, 0.0000 ns/op
OverheadActual  15: 1 op, 208.00 ns, 208.0000 ns/op
OverheadActual  16: 1 op, 0.00 ns, 0.0000 ns/op
OverheadActual  17: 1 op, 84.00 ns, 84.0000 ns/op
OverheadActual  18: 1 op, 41.00 ns, 41.0000 ns/op
OverheadActual  19: 1 op, 416.00 ns, 416.0000 ns/op
OverheadActual  20: 1 op, 83.00 ns, 83.0000 ns/op


// BeforeActualRun
WorkloadActual   1: 1 op, 3805428292.00 ns, 3.8054 s/op
WorkloadActual   2: 1 op, 4008702500.00 ns, 4.0087 s/op
WorkloadActual   3: 1 op, 3610687125.00 ns, 3.6107 s/op

// AfterActualRun
WorkloadResult   1: 1 op, 3805428250.00 ns, 3.8054 s/op
WorkloadResult   2: 1 op, 4008702458.00 ns, 4.0087 s/op
WorkloadResult   3: 1 op, 3610687083.00 ns, 3.6107 s/op
// GC:  33 11 2 427543360 1
// Threading:  28623 429 1
// Exceptions:  4

[testcontainers.org 00:00:25.04] Delete Docker container a79377d769d1
// AfterAll
// Benchmark Process 75165 has exited with code 0.

Mean = 3.808 s, StdErr = 0.115 s (3.02%), N = 3, StdDev = 0.199 s
Min = 3.611 s, Q1 = 3.708 s, Median = 3.805 s, Q3 = 3.907 s, Max = 4.009 s
IQR = 0.199 s, LowerFence = 3.410 s, UpperFence = 4.206 s
ConfidenceInterval = [0.177 s; 7.439 s] (CI 99.9%), Margin = 3.631 s (95.34% of Mean)
Skewness = 0.01, Kurtosis = 0.67, MValue = 2

// ** Remained 0 (0,0%) benchmark(s) to run. Estimated finish 2026-09-08 10:53 (0h 0m from now) **
// ***** BenchmarkRunner: Finish  *****

// * Export *
  src/Arius.Benchmarks/raw/20260908T085224.165Z/results/Arius.Benchmarks.ArchiveStepBenchmarks-report.csv
  src/Arius.Benchmarks/raw/20260908T085224.165Z/results/Arius.Benchmarks.ArchiveStepBenchmarks-report-github.md
  src/Arius.Benchmarks/raw/20260908T085224.165Z/results/Arius.Benchmarks.ArchiveStepBenchmarks-report.html

// * Detailed results *
ArchiveStepBenchmarks.Archive_Step_V1_Representative_Azurite: Job-HILDPN(InvocationCount=1, IterationCount=3, LaunchCount=1, UnrollFactor=1, WarmupCount=0)
Runtime = .NET 10.0.5 (10.0.5, 10.0.526.15411), Arm64 RyuJIT armv8.0-a; GC = Concurrent Workstation
Mean = 3.808 s, StdErr = 0.115 s (3.02%), N = 3, StdDev = 0.199 s
Min = 3.611 s, Q1 = 3.708 s, Median = 3.805 s, Q3 = 3.907 s, Max = 4.009 s
IQR = 0.199 s, LowerFence = 3.410 s, UpperFence = 4.206 s
ConfidenceInterval = [0.177 s; 7.439 s] (CI 99.9%), Margin = 3.631 s (95.34% of Mean)
Skewness = 0.01, Kurtosis = 0.67, MValue = 2
-------------------- Histogram --------------------
[3.527 s ; 3.889 s) | @@
[3.889 s ; 4.190 s) | @
---------------------------------------------------

// * Summary *

BenchmarkDotNet v0.15.8, macOS Tahoe 26.6.2 (25G83) [Darwin 25.6.0]
Apple M4, 1 CPU, 10 logical and 10 physical cores
.NET SDK 10.0.201
  [Host]     : .NET 10.0.5 (10.0.5, 10.0.526.15411), Arm64 RyuJIT armv8.0-a
  Job-HILDPN : .NET 10.0.5 (10.0.5, 10.0.526.15411), Arm64 RyuJIT armv8.0-a

InvocationCount=1  IterationCount=3  LaunchCount=1  
UnrollFactor=1  WarmupCount=0  

| Method                                 | Mean    | Error   | StdDev   | Gen0       | Completed Work Items | Lock Contentions | Gen1       | Gen2      | Allocated |
|--------------------------------------- |--------:|--------:|---------:|-----------:|---------------------:|-----------------:|-----------:|----------:|----------:|
| Archive_Step_V1_Representative_Azurite | 3.808 s | 3.631 s | 0.1990 s | 33000.0000 |           28623.0000 |         429.0000 | 11000.0000 | 2000.0000 | 407.74 MB |

// * Legends *
  Mean                 : Arithmetic mean of all measurements
  Error                : Half of 99.9% confidence interval
  StdDev               : Standard deviation of all measurements
  Gen0                 : GC Generation 0 collects per 1000 operations
  Completed Work Items : The number of work items that have been processed in ThreadPool (per single operation)
  Lock Contentions     : The number of times there was contention upon trying to take a Monitor's lock (per single operation)
  Gen1                 : GC Generation 1 collects per 1000 operations
  Gen2                 : GC Generation 2 collects per 1000 operations
  Allocated            : Allocated memory per single operation (managed only, inclusive, 1KB = 1024B)
  1 s                  : 1 Second (1 sec)

// * Diagnostic Output - MemoryDiagnoser *

// * Diagnostic Output - ThreadingDiagnoser *


// ***** BenchmarkRunner: End *****
Run time: 00:00:25 (25.83 sec), executed benchmarks: 1

Global total time: 00:00:38 (38.78 sec), executed benchmarks: 1
// * Artifacts cleanup *
Artifacts cleanup is finished
